2026-08-30
+ Menambahkan Export Related untuk export `.pdf`, `.dxf`, dan `.png`.
+ Menambahkan template nama file dengan token `/*` dan `(/*...):`.
+ Menambahkan fallback ke page aktif jika input page kosong.
+ Menyimpan directory terakhir ke registry `RinCorelMacros`.
~ Pemilihan folder dibuat kompatibel dengan CorelDRAW tanpa Office FileDialog.
~ Popup error palsu dikurangi ketika file sebenarnya berhasil dibuat.

2026-09-03
+ Menambahkan grouping `txtPage`: input tanpa kurung menjadi satu file PDF, input dengan kurung menjadi beberapa file.
+ Menyempurnakan token `txtName` untuk replacement, brace, sequence angka, dan validasi jumlah output.
+ Menambahkan suffix otomatis untuk nama file duplikat.
~ Export PDF dipindah ke `PublishToPDF`.
~ Penyempurnaan `.png` dan `.dxf` ditunda ke sesi berikutnya.

2026-09-04
+ Menambahkan UF pengaturan PDF preset dari `cmdFormatSettings`.
+ Menyimpan pilihan PDF preset dan compatibility khusus macro.
+ Menampilkan preset bawaan dan custom preset CorelDRAW dengan nama yang lebih mudah dibaca.
+ Menambahkan token sync `;` untuk menyelaraskan `txtName` dengan grup output `txtPage`.
~ `cmdAddPreset` dan `cmdRemovePreset` tetap dinonaktifkan sampai pengaturan preset lanjutan siap.

2026-09-05
+ Mengganti UF pengaturan PDF menjadi `PDFSettings`.
+ Menambahkan `PNGSettings` untuk preset XML, mode warna, transparency, matte, antialias, embed profile, interlace, crop, dan resolusi.
+ Menambahkan pembacaan preset PNG dari folder Export Presets user.
+ Menyimpan snapshot setting PNG dan menggunakannya saat export `.png`.
+ Format export terakhir kini dipulihkan otomatis saat UF dibuka.

2026-09-07
[JPEG dan helper bitmap bersama]
+ Menambahkan dukungan export `.jpg`.
+ Menambahkan `JPEGSettings` untuk preset, color mode, matte/background, antialias, resolution, embed profile, crop, subformat, quality, blur, optimize, dan progressive.
+ Menambahkan pembacaan preset JPEG dari folder Export Presets user.
+ Menyimpan snapshot setting JPEG dan menerapkannya saat export tanpa dialog tambahan.
~ Pemilih background color JPEG disamakan dengan PNG agar warna aktif terlihat langsung.

[Export Queue MVP]
+ Menambahkan Export Menu sebagai UF utama `ExportRelatedMenu`.
+ Menambahkan Add, Modify, Remove, checkbox Layer 1/2/3, dan summary item pada ListBox.
+ Setiap item queue menyimpan directory, format, page, nama, snapshot setting format, dan pilihan layer.
+ Menambahkan mode editor queue pada `ExportRelatedSettings`.
~ Alur single export tetap dipertahankan saat form dibuka tanpa mode queue.
~ Tombol Export queue masih skeleton dan dilanjutkan pada sesi berikutnya.

2026-09-08
[Export Queue selesai]
+ Mengaktifkan export queue multi-item dengan directory, format, page, nama, preset/setting format, dan layer per item.
+ Menambahkan validasi seluruh queue sebelum export.
+ Menambahkan pemulihan state layer, page, selection, dan dokumen aktif setelah proses.
+ Menyimpan kembali folder valid terakhir ke `LastDirectory`.
~ Layer lokal mengikuti checkbox per item dan dikembalikan ke flag awal setelah export.
~ Layer otomatis lokal dan semua master layer tetap mengikuti flag print/export pengguna.
~ Diagnostik Add/Modify, inisialisasi form, dan helper penamaan diperjelas.

[Token nama alfanumerik, prefix/suffix, dan pipeline]
+ Token `txbName` kini mendukung huruf, angka, dan alfanumerik seperti A, 1, dan A1.
+ Menambahkan template nama langsung tanpa `/*`, misalnya `{NAMA}_A, B`.
+ Menambahkan prefix `String__`, suffix `__String`, delimiter output `,`, dan sync group `;`.
+ Menambahkan pipeline `|` agar replacement, template langsung, prefix, dan suffix bisa diproses berurutan.

2026-09-09
[DXFSettings - checkpoint R2007]
+ Menambahkan DXFSettings untuk versi AutoCAD, unit, bitmap, text, unmapped fills, warna, kurva, dan tolerance.
+ Menghubungkan DXFSettings ke `cmdFormatSettings` dan snapshot DXF per item queue.
~ Alur R2007 berhasil dipakai sebagai checkpoint sementara; dukungan versi DXF lain masih perlu validasi lanjutan.

2026-09-10
[Export Queue - Clear Lists, summary detail, dan ParentDirectory]
+ Menambahkan Clear Lists untuk mengosongkan queue dan mengembalikan default Layer 1.
+ Summary queue diperluas menjadi FORMAT, PRESET, File Qty, Page, dan Layer.
+ Menambahkan Parent Directory untuk memakai folder dokumen sumber aktif atau dokumen item queue.

[JPEG - koreksi Quality dan Compression]
~ Memperbaiki pemetaan Quality JPEG ke filter: Quality 100% kini memakai Compression 0.
